ARM Linker, 4.1 [Build 894] [Standard]

==============================================================================

Section Cross References

    startup.o(STACK) refers (Special) to heapauxi.o(.text) for __use_two_region_memory
    startup.o(HEAP) refers (Special) to heapauxi.o(.text) for __use_two_region_memory
    startup.o(RESET) refers (Special) to heapauxi.o(.text) for __use_two_region_memory
    startup.o(RESET) refers to startup.o(STACK) for __initial_sp
    startup.o(RESET) refers to startup.o(.text) for Reset_Handler
    startup.o(RESET) refers to timer.o(.text) for TIMER_IRQHandler
    startup.o(RESET) refers to uart.o(.text) for UARTA_IRQHandler
    startup.o(RESET) refers to gpio.o(.text) for GPIOA_IRQHandler
    startup.o(.text) refers (Special) to heapauxi.o(.text) for __use_two_region_memory
    startup.o(.text) refers to __main.o(!!!main) for __main
    startup.o(.text) refers to startup.o(HEAP) for Heap_Mem
    startup.o(.text) refers to startup.o(STACK) for Stack_Mem
    system_ach512.o(.text) refers to system_ach512.o(.data) for SystemCoreClock
    system_ach512.o(.text) refers to common.o(.text) for delay
    uart.o(.text) refers to _printf_percent.o(.ARM.Collect$$_printf_percent$$00000000) for _printf_percent
    uart.o(.text) refers to _printf_c.o(.ARM.Collect$$_printf_percent$$00000013) for _printf_c
    uart.o(.text) refers to _printf_str.o(.text) for _printf_str
    uart.o(.text) refers to noretval__2printf.o(.text) for __2printf
    uart.o(.text) refers to uart.o(.data) for ok
    uart.o(.text) refers to uart.o(.bss) for uart_rx_buf
    uart.o(.text) refers to system_ach512.o(.data) for PClock
    gpio.o(.text) refers to gpio.o(.data) for flag_gpioa_int
    timer.o(.text) refers to timer.o(.data) for flag_timer_int
    timer.o(.text) refers to timer.o(.bss) for TimerFunc
    timer.o(.text) refers to system_ach512.o(.data) for PClock
    iic.o(.text) refers to _printf_percent.o(.ARM.Collect$$_printf_percent$$00000000) for _printf_percent
    iic.o(.text) refers to _printf_x.o(.ARM.Collect$$_printf_percent$$0000000C) for _printf_x
    iic.o(.text) refers to _printf_hex_int.o(.text) for _printf_longlong_hex
    iic.o(.text) refers to timer0.o(.text) for Timer0DelayUs
    iic.o(.text) refers to noretval__2printf.o(.text) for __2printf
    iic.o(.text) refers to rt_memclr.o(.text) for __aeabi_memclr
    iic.o(.text) refers to iic.o(.bss) for readBuf
    iic.o(.text) refers to iic.o(.data) for lengthBuf
    lcd.o(.text) refers to rt_memclr_w.o(.text) for __aeabi_memclr4
    lcd.o(.text) refers to uart.o(.text) for uart_send_bytes
    lcd.o(.text) refers to timer.o(.text) for timer0_set_ms
    lcd.o(.text) refers to uart.o(.data) for ok
    iic_sx.o(.text) refers to _printf_percent.o(.ARM.Collect$$_printf_percent$$00000000) for _printf_percent
    iic_sx.o(.text) refers to _printf_x.o(.ARM.Collect$$_printf_percent$$0000000C) for _printf_x
    iic_sx.o(.text) refers to _printf_hex_int.o(.text) for _printf_longlong_hex
    iic_sx.o(.text) refers to timer0.o(.text) for Timer0DelayMs
    iic_sx.o(.text) refers to common.o(.text) for delay
    iic_sx.o(.text) refers to noretval__2printf.o(.text) for __2printf
    iic_sx.o(.text) refers to rt_memclr.o(.text) for __aeabi_memclr
    iic_sx.o(.text) refers to iic_sx.o(.data) for sx_lengthBuf
    iic_sx.o(.text) refers to iic_sx.o(.bss) for sx_readBuf
    common.o(.text) refers to _printf_percent.o(.ARM.Collect$$_printf_percent$$00000000) for _printf_percent
    common.o(.text) refers to _printf_x.o(.ARM.Collect$$_printf_percent$$0000000C) for _printf_x
    common.o(.text) refers to _printf_hex_int.o(.text) for _printf_longlong_hex
    common.o(.text) refers to noretval__2printf.o(.text) for __2printf
    main.o(.text) refers to system_ach512.o(.text) for SystemInit
    main.o(.text) refers to uart.o(.text) for uart_init
    main.o(.text) refers to timer0.o(.text) for Timer0Init
    main.o(.text) refers to iic.o(.text) for iic_test
    app.o(.text) refers to _printf_percent.o(.ARM.Collect$$_printf_percent$$00000000) for _printf_percent
    app.o(.text) refers to _printf_x.o(.ARM.Collect$$_printf_percent$$0000000C) for _printf_x
    app.o(.text) refers to _printf_hex_int.o(.text) for _printf_longlong_hex
    app.o(.text) refers to noretval__2printf.o(.text) for __2printf
    app.o(.text) refers to common.o(.text) for delay
    app.o(.text) refers to gpio.o(.text) for gpio_init
    app.o(.text) refers to timer.o(.text) for timer0_set_us
    app.o(.text) refers to gpio.o(.data) for flag_gpioa_int
    app.o(.text) refers to app.o(.data) for L
    __2printf.o(.text) refers to _printf_char_file.o(.text) for _printf_char_file
    __2printf.o(.text) refers to uart.o(.data) for __stdout
    noretval__2printf.o(.text) refers to _printf_char_file.o(.text) for _printf_char_file
    noretval__2printf.o(.text) refers to uart.o(.data) for __stdout
    __printf.o(.text) refers to _printf_percent.o(.ARM.Collect$$_printf_percent$$00000000) for _printf_percent
    _printf_str.o(.text) refers (Special) to _printf_char.o(.text) for _printf_cs_common
    _printf_hex_ll.o(.text) refers to _printf_intcommon.o(.text) for _printf_int_common
    _printf_hex_ll.o(.text) refers to _printf_hex_ll.o(.constdata) for .constdata
    _printf_hex_int.o(.text) refers to _printf_intcommon.o(.text) for _printf_int_common
    _printf_hex_int.o(.text) refers to _printf_hex_int.o(.constdata) for .constdata
    _printf_hex_int_ll.o(.text) refers to _printf_intcommon.o(.text) for _printf_int_common
    _printf_hex_int_ll.o(.text) refers to _printf_hex_int_ll.o(.constdata) for .constdata
    _printf_hex_ptr.o(.text) refers to _printf_intcommon.o(.text) for _printf_int_common
    _printf_hex_ptr.o(.text) refers to _printf_hex_ptr.o(.constdata) for .constdata
    _printf_hex_int_ptr.o(.text) refers to _printf_intcommon.o(.text) for _printf_int_common
    _printf_hex_int_ptr.o(.text) refers to _printf_hex_int_ptr.o(.constdata) for .constdata
    _printf_hex_ll_ptr.o(.text) refers to _printf_intcommon.o(.text) for _printf_int_common
    _printf_hex_ll_ptr.o(.text) refers to _printf_hex_ll_ptr.o(.constdata) for .constdata
    _printf_hex_int_ll_ptr.o(.text) refers to _printf_intcommon.o(.text) for _printf_int_common
    _printf_hex_int_ll_ptr.o(.text) refers to _printf_hex_int_ll_ptr.o(.constdata) for .constdata
    __printf_flags.o(.text) refers to _printf_percent.o(.ARM.Collect$$_printf_percent$$00000000) for _printf_percent
    __printf_flags.o(.text) refers to __printf_flags.o(.constdata) for .constdata
    __printf_ss.o(.text) refers to _printf_percent.o(.ARM.Collect$$_printf_percent$$00000000) for _printf_percent
    __printf_flags_ss.o(.text) refers to _printf_percent.o(.ARM.Collect$$_printf_percent$$00000000) for _printf_percent
    __printf_flags_ss.o(.text) refers to __printf_flags_ss.o(.constdata) for .constdata
    __printf_wp.o(.text) refers to __printf_wp.o(i._is_digit) for _is_digit
    __printf_wp.o(.text) refers to _printf_percent.o(.ARM.Collect$$_printf_percent$$00000000) for _printf_percent
    __printf_flags_wp.o(.text) refers to __printf_wp.o(i._is_digit) for _is_digit
    __printf_flags_wp.o(.text) refers to _printf_percent.o(.ARM.Collect$$_printf_percent$$00000000) for _printf_percent
    __printf_flags_wp.o(.text) refers to __printf_flags_wp.o(.constdata) for .constdata
    __printf_ss_wp.o(.text) refers to __printf_wp.o(i._is_digit) for _is_digit
    __printf_ss_wp.o(.text) refers to _printf_percent.o(.ARM.Collect$$_printf_percent$$00000000) for _printf_percent
    __printf_flags_ss_wp.o(.text) refers to __printf_wp.o(i._is_digit) for _is_digit
    __printf_flags_ss_wp.o(.text) refers to _printf_percent.o(.ARM.Collect$$_printf_percent$$00000000) for _printf_percent
    __printf_flags_ss_wp.o(.text) refers to __printf_flags_ss_wp.o(.constdata) for .constdata
    _printf_c.o(.ARM.Collect$$_printf_percent$$00000013) refers (Weak) to _printf_char.o(.text) for _printf_char
    _printf_x.o(.ARM.Collect$$_printf_percent$$0000000C) refers (Weak) to _printf_hex_int.o(.text) for _printf_int_hex
    _printf_percent.o(.ARM.Collect$$_printf_percent$$00000000) refers (Special) to _printf_percent_end.o(.ARM.Collect$$_printf_percent$$00000017) for _printf_percent_end
    rt_memclr.o(.text) refers to rt_memclr_w.o(.text) for _memset_w
    __main.o(!!!main) refers to rtentry.o(.ARM.Collect$$rtentry$$00000000) for __rt_entry
    rtentry.o(.ARM.Collect$$rtentry$$00000000) refers (Special) to rtentry2.o(.ARM.Collect$$rtentry$$0000000A) for __rt_entry_li
    rtentry.o(.ARM.Collect$$rtentry$$00000000) refers (Special) to rtentry2.o(.ARM.Collect$$rtentry$$0000000D) for __rt_entry_main
    rtentry.o(.ARM.Collect$$rtentry$$00000000) refers (Special) to rtentry2.o(.ARM.Collect$$rtentry$$0000000C) for __rt_entry_postli_1
    rtentry.o(.ARM.Collect$$rtentry$$00000000) refers (Special) to rtentry2.o(.ARM.Collect$$rtentry$$00000009) for __rt_entry_postsh_1
    rtentry.o(.ARM.Collect$$rtentry$$00000000) refers (Special) to rtentry2.o(.ARM.Collect$$rtentry$$00000002) for __rt_entry_presh_1
    rtentry.o(.ARM.Collect$$rtentry$$00000000) refers (Special) to rtentry4.o(.ARM.Collect$$rtentry$$00000004) for __rt_entry_sh
    _printf_char.o(.text) refers (Weak) to _printf_str.o(.text) for _printf_str
    _printf_char_file.o(.text) refers to _printf_char_common.o(.text) for _printf_char_common
    _printf_char_file.o(.text) refers to ferror.o(.text) for ferror
    _printf_char_file.o(.text) refers to uart.o(.text) for fputc
    rtentry2.o(.ARM.Collect$$rtentry$$00000008) refers to boardinit2.o(.text) for _platform_post_stackheap_init
    rtentry2.o(.ARM.Collect$$rtentry$$0000000A) refers to libinit.o(.ARM.Collect$$libinit$$00000000) for __rt_lib_init
    rtentry2.o(.ARM.Collect$$rtentry$$0000000B) refers to boardinit3.o(.text) for _platform_post_lib_init
    rtentry2.o(.ARM.Collect$$rtentry$$0000000D) refers to main.o(.text) for main
    rtentry2.o(.ARM.Collect$$rtentry$$0000000D) refers to exit.o(.text) for exit
    rtentry2.o(.ARM.exidx) refers to rtentry2.o(.ARM.Collect$$rtentry$$00000001) for .ARM.Collect$$rtentry$$00000001
    rtentry2.o(.ARM.exidx) refers to rtentry2.o(.ARM.Collect$$rtentry$$00000008) for .ARM.Collect$$rtentry$$00000008
    rtentry2.o(.ARM.exidx) refers to rtentry2.o(.ARM.Collect$$rtentry$$0000000A) for .ARM.Collect$$rtentry$$0000000A
    rtentry2.o(.ARM.exidx) refers to rtentry2.o(.ARM.Collect$$rtentry$$0000000B) for .ARM.Collect$$rtentry$$0000000B
    rtentry2.o(.ARM.exidx) refers to rtentry2.o(.ARM.Collect$$rtentry$$0000000D) for .ARM.Collect$$rtentry$$0000000D
    rtentry4.o(.ARM.Collect$$rtentry$$00000004) refers to sys_stackheap_outer.o(.text) for __user_setup_stackheap
    rtentry4.o(.ARM.exidx) refers to rtentry4.o(.ARM.Collect$$rtentry$$00000004) for .ARM.Collect$$rtentry$$00000004
    _printf_char_common.o(.text) refers to __printf_wp.o(.text) for __printf
    sys_stackheap_outer.o(.text) refers to libspace.o(.text) for __user_perproc_libspace
    sys_stackheap_outer.o(.text) refers to startup.o(.text) for __user_initial_stackheap
    exit.o(.text) refers to rtexit.o(.ARM.Collect$$rtexit$$00000000) for __rt_exit
    libinit.o(.ARM.Collect$$libinit$$00000000) refers (Special) to libinit2.o(.ARM.Collect$$libinit$$0000002A) for __rt_lib_init_alloca_1
    libinit.o(.ARM.Collect$$libinit$$00000000) refers (Special) to libinit2.o(.ARM.Collect$$libinit$$00000028) for __rt_lib_init_argv_1
    libinit.o(.ARM.Collect$$libinit$$00000000) refers (Special) to libinit2.o(.ARM.Collect$$libinit$$00000017) for __rt_lib_init_atexit_1
    libinit.o(.ARM.Collect$$libinit$$00000000) refers (Special) to libinit2.o(.ARM.Collect$$libinit$$0000001D) for __rt_lib_init_clock_1
    libinit.o(.ARM.Collect$$libinit$$00000000) refers (Special) to libinit2.o(.ARM.Collect$$libinit$$0000002E) for __rt_lib_init_cpp_1
    libinit.o(.ARM.Collect$$libinit$$00000000) refers (Special) to libinit2.o(.ARM.Collect$$libinit$$0000002C) for __rt_lib_init_exceptions_1
    libinit.o(.ARM.Collect$$libinit$$00000000) refers (Special) to libinit2.o(.ARM.Collect$$libinit$$0000001B) for __rt_lib_init_fp_trap_1
    libinit.o(.ARM.Collect$$libinit$$00000000) refers (Special) to libinit2.o(.ARM.Collect$$libinit$$0000001F) for __rt_lib_init_getenv_1
    libinit.o(.ARM.Collect$$libinit$$00000000) refers (Special) to libinit2.o(.ARM.Collect$$libinit$$00000006) for __rt_lib_init_heap_1
    libinit.o(.ARM.Collect$$libinit$$00000000) refers (Special) to libinit2.o(.ARM.Collect$$libinit$$0000000D) for __rt_lib_init_lc_collate_1
    libinit.o(.ARM.Collect$$libinit$$00000000) refers (Special) to libinit2.o(.ARM.Collect$$libinit$$0000000F) for __rt_lib_init_lc_ctype_1
    libinit.o(.ARM.Collect$$libinit$$00000000) refers (Special) to libinit2.o(.ARM.Collect$$libinit$$00000011) for __rt_lib_init_lc_monetary_1
    libinit.o(.ARM.Collect$$libinit$$00000000) refers (Special) to libinit2.o(.ARM.Collect$$libinit$$00000013) for __rt_lib_init_lc_numeric_1
    libinit.o(.ARM.Collect$$libinit$$00000000) refers (Special) to libinit2.o(.ARM.Collect$$libinit$$00000015) for __rt_lib_init_lc_time_1
    libinit.o(.ARM.Collect$$libinit$$00000000) refers (Special) to libinit2.o(.ARM.Collect$$libinit$$0000000A) for __rt_lib_init_rand_1
    libinit.o(.ARM.Collect$$libinit$$00000000) refers (Special) to libinit2.o(.ARM.Collect$$libinit$$0000002F) for __rt_lib_init_return
    libinit.o(.ARM.Collect$$libinit$$00000000) refers (Special) to libinit2.o(.ARM.Collect$$libinit$$00000019) for __rt_lib_init_signal_1
    libinit.o(.ARM.Collect$$libinit$$00000000) refers (Special) to libinit2.o(.ARM.Collect$$libinit$$00000021) for __rt_lib_init_stdio_1
    libinit.o(.ARM.Collect$$libinit$$00000000) refers (Special) to libinit2.o(.ARM.Collect$$libinit$$00000008) for __rt_lib_init_user_alloc_1
    libinit.o(.ARM.Collect$$libinit$$00000000) refers to fpinit.o(x$fpl$fpinit) for _fp_init
    libspace.o(.text) refers to libspace.o(.bss) for __libspace_start
    rtexit.o(.ARM.Collect$$rtexit$$00000000) refers (Special) to rtexit2.o(.ARM.Collect$$rtexit$$00000004) for __rt_exit_exit
    rtexit.o(.ARM.Collect$$rtexit$$00000000) refers (Special) to rtexit2.o(.ARM.Collect$$rtexit$$00000003) for __rt_exit_ls
    rtexit.o(.ARM.Collect$$rtexit$$00000000) refers (Special) to rtexit2.o(.ARM.Collect$$rtexit$$00000002) for __rt_exit_prels_1
    rtexit.o(.ARM.exidx) refers (Special) to rtexit2.o(.ARM.Collect$$rtexit$$00000004) for __rt_exit_exit
    rtexit.o(.ARM.exidx) refers (Special) to rtexit2.o(.ARM.Collect$$rtexit$$00000003) for __rt_exit_ls
    rtexit.o(.ARM.exidx) refers (Special) to rtexit2.o(.ARM.Collect$$rtexit$$00000002) for __rt_exit_prels_1
    rtexit.o(.ARM.exidx) refers to rtexit.o(.ARM.Collect$$rtexit$$00000000) for .ARM.Collect$$rtexit$$00000000
    libinit2.o(.ARM.Collect$$libinit$$0000000C) refers to libinit2.o(.ARM.Collect$$libinit$$0000000B) for .ARM.Collect$$libinit$$0000000B
    libinit2.o(.ARM.Collect$$libinit$$0000000E) refers to libinit2.o(.ARM.Collect$$libinit$$0000000B) for .ARM.Collect$$libinit$$0000000B
    libinit2.o(.ARM.Collect$$libinit$$00000010) refers to libinit2.o(.ARM.Collect$$libinit$$0000000B) for .ARM.Collect$$libinit$$0000000B
    libinit2.o(.ARM.Collect$$libinit$$00000012) refers to libinit2.o(.ARM.Collect$$libinit$$0000000B) for .ARM.Collect$$libinit$$0000000B
    libinit2.o(.ARM.Collect$$libinit$$00000014) refers to libinit2.o(.ARM.Collect$$libinit$$0000000B) for .ARM.Collect$$libinit$$0000000B
    libinit2.o(.ARM.Collect$$libinit$$00000022) refers to argv_veneer.o(.emb_text) for __ARM_argv_veneer
    libinit2.o(.ARM.Collect$$libinit$$00000023) refers to argv_veneer.o(.emb_text) for __ARM_argv_veneer
    fpinit.o(x$fpl$fpinit) refers to rt_fp_status_addr_intlibspace.o(.text) for __rt_fp_status_addr
    rtexit2.o(.ARM.Collect$$rtexit$$00000003) refers to libshutdown.o(.ARM.Collect$$libshutdown$$00000000) for __rt_lib_shutdown
    rtexit2.o(.ARM.Collect$$rtexit$$00000004) refers to sys_exit.o(.text) for _sys_exit
    rtexit2.o(.ARM.exidx) refers to rtexit2.o(.ARM.Collect$$rtexit$$00000001) for .ARM.Collect$$rtexit$$00000001
    rtexit2.o(.ARM.exidx) refers to rtexit2.o(.ARM.Collect$$rtexit$$00000003) for .ARM.Collect$$rtexit$$00000003
    rtexit2.o(.ARM.exidx) refers to rtexit2.o(.ARM.Collect$$rtexit$$00000004) for .ARM.Collect$$rtexit$$00000004
    rt_fp_status_addr.o(.text) refers to rt_fp_status_addr.o(.bss) for __rt_fp_status_addr_data
    rt_fp_status_addr_intlibspace.o(.text) refers to libspace.o(.bss) for __libspace_start
    argv_veneer.o(.emb_text) refers to no_argv.o(.text) for __ARM_get_argv
    sys_exit.o(.text) refers (Special) to use_no_semi.o(.text) for __I$use$semihosting
    sys_exit.o(.text) refers (Special) to indicate_semi.o(.text) for __semihosting_library_function
    _get_argv_nomalloc.o(.text) refers (Special) to hrguard.o(.text) for __heap_region$guard
    _get_argv_nomalloc.o(.text) refers to defsig_rtmem_outer.o(.text) for __rt_SIGRTMEM
    _get_argv_nomalloc.o(.text) refers to sys_command.o(.text) for _sys_command_string
    libshutdown.o(.ARM.Collect$$libshutdown$$00000000) refers (Special) to libshutdown2.o(.ARM.Collect$$libshutdown$$00000006) for __rt_lib_shutdown_fp_trap_1
    libshutdown.o(.ARM.Collect$$libshutdown$$00000000) refers (Special) to libshutdown2.o(.ARM.Collect$$libshutdown$$0000000E) for __rt_lib_shutdown_heap_1
    libshutdown.o(.ARM.Collect$$libshutdown$$00000000) refers (Special) to libshutdown2.o(.ARM.Collect$$libshutdown$$0000000F) for __rt_lib_shutdown_return
    libshutdown.o(.ARM.Collect$$libshutdown$$00000000) refers (Special) to libshutdown2.o(.ARM.Collect$$libshutdown$$00000009) for __rt_lib_shutdown_signal_1
    libshutdown.o(.ARM.Collect$$libshutdown$$00000000) refers (Special) to libshutdown2.o(.ARM.Collect$$libshutdown$$00000003) for __rt_lib_shutdown_stdio_1
    libshutdown.o(.ARM.Collect$$libshutdown$$00000000) refers (Special) to libshutdown2.o(.ARM.Collect$$libshutdown$$0000000B) for __rt_lib_shutdown_user_alloc_1
    sys_command.o(.text) refers (Special) to use_no_semi.o(.text) for __I$use$semihosting
    sys_command.o(.text) refers (Special) to indicate_semi.o(.text) for __semihosting_library_function
    defsig_rtmem_outer.o(.text) refers to defsig_rtmem_inner.o(.text) for __rt_SIGRTMEM_inner
    defsig_rtmem_outer.o(.text) refers to defsig_exit.o(.text) for __sig_exit
    defsig_rtmem_formal.o(.text) refers to rt_raise.o(.text) for __rt_raise
    rt_raise.o(.text) refers to __raise.o(.text) for __raise
    rt_raise.o(.text) refers to sys_exit.o(.text) for _sys_exit
    defsig_exit.o(.text) refers to sys_exit.o(.text) for _sys_exit
    defsig_rtmem_inner.o(.text) refers to defsig_general.o(.text) for __default_signal_display
    __raise.o(.text) refers to defsig.o(CL$$defsig) for __default_signal_handler
    defsig_general.o(.text) refers to sys_wrch.o(.text) for _ttywrch
    sys_wrch.o(.text) refers (Special) to use_no_semi.o(.text) for __I$use$semihosting
    sys_wrch.o(.text) refers (Special) to indicate_semi.o(.text) for __semihosting_library_function
    defsig.o(CL$$defsig) refers to defsig_rtmem_inner.o(.text) for __rt_SIGRTMEM_inner
    defsig_abrt_inner.o(.text) refers to defsig_general.o(.text) for __default_signal_display
    defsig_fpe_inner.o(.text) refers to defsig_general.o(.text) for __default_signal_display
    defsig_rtred_inner.o(.text) refers to defsig_general.o(.text) for __default_signal_display
    defsig_stak_inner.o(.text) refers to defsig_general.o(.text) for __default_signal_display
    defsig_pvfn_inner.o(.text) refers to defsig_general.o(.text) for __default_signal_display
    defsig_cppl_inner.o(.text) refers to defsig_general.o(.text) for __default_signal_display
    defsig_segv_inner.o(.text) refers to defsig_general.o(.text) for __default_signal_display
    defsig_other.o(.text) refers to defsig_general.o(.text) for __default_signal_display


==============================================================================

Removing Unused input sections from the image.

    Removing system_ach512.o(.rev16_text), (4 bytes).
    Removing system_ach512.o(.revsh_text), (4 bytes).
    Removing system_ach512.o(.rrx_text), (6 bytes).
    Removing uart.o(.rev16_text), (4 bytes).
    Removing uart.o(.revsh_text), (4 bytes).
    Removing uart.o(.rrx_text), (6 bytes).
    Removing gpio.o(.rev16_text), (4 bytes).
    Removing gpio.o(.revsh_text), (4 bytes).
    Removing gpio.o(.rrx_text), (6 bytes).
    Removing timer.o(.rev16_text), (4 bytes).
    Removing timer.o(.revsh_text), (4 bytes).
    Removing timer.o(.rrx_text), (6 bytes).
    Removing iic.o(.rev16_text), (4 bytes).
    Removing iic.o(.revsh_text), (4 bytes).
    Removing iic.o(.rrx_text), (6 bytes).
    Removing lcd.o(.rev16_text), (4 bytes).
    Removing lcd.o(.revsh_text), (4 bytes).
    Removing lcd.o(.rrx_text), (6 bytes).
    Removing lcd.o(.text), (628 bytes).
    Removing iic_sx.o(.rev16_text), (4 bytes).
    Removing iic_sx.o(.revsh_text), (4 bytes).
    Removing iic_sx.o(.rrx_text), (6 bytes).
    Removing iic_sx.o(.text), (1880 bytes).
    Removing iic_sx.o(.bss), (300 bytes).
    Removing iic_sx.o(.data), (300 bytes).
    Removing common.o(.rev16_text), (4 bytes).
    Removing common.o(.revsh_text), (4 bytes).
    Removing common.o(.rrx_text), (6 bytes).
    Removing main.o(.rev16_text), (4 bytes).
    Removing main.o(.revsh_text), (4 bytes).
    Removing main.o(.rrx_text), (6 bytes).
    Removing app.o(.rev16_text), (4 bytes).
    Removing app.o(.revsh_text), (4 bytes).
    Removing app.o(.rrx_text), (6 bytes).
    Removing app.o(.text), (428 bytes).
    Removing app.o(.data), (8 bytes).
    Removing timer0.o(.rev16_text), (4 bytes).
    Removing timer0.o(.revsh_text), (4 bytes).
    Removing timer0.o(.rrx_text), (6 bytes).

39 unused section(s) (total 3698 bytes) removed from the image.

==============================================================================

Image Symbol Table

    Local Symbols

    Symbol Name                              Value     Ov Type        Size  Object(Section)

    RESET                                    0x00000000   Section      192  startup.o(RESET)
    ../../angel/boardlib.s                   0x00000000   Number         0  boardshut.o ABSOLUTE
    ../../angel/boardlib.s                   0x00000000   Number         0  boardinit1.o ABSOLUTE
    ../../angel/boardlib.s                   0x00000000   Number         0  boardinit2.o ABSOLUTE
    ../../angel/boardlib.s                   0x00000000   Number         0  boardinit3.o ABSOLUTE
    ../../angel/dczerorl2.s                  0x00000000   Number         0  __dczerorl2.o ABSOLUTE
    ../../angel/handlers.s                   0x00000000   Number         0  __scatter_zi.o ABSOLUTE
    ../../angel/kernel.s                     0x00000000   Number         0  rtentry.o ABSOLUTE
    ../../angel/kernel.s                     0x00000000   Number         0  rtentry4.o ABSOLUTE
    ../../angel/kernel.s                     0x00000000   Number         0  rtentry2.o ABSOLUTE
    ../../angel/kernel.s                     0x00000000   Number         0  rtexit.o ABSOLUTE
    ../../angel/kernel.s                     0x00000000   Number         0  rtexit2.o ABSOLUTE
    ../../angel/rt.s                         0x00000000   Number         0  rt_raise.o ABSOLUTE
    ../../angel/rt.s                         0x00000000   Number         0  rt_fp_status_addr.o ABSOLUTE
    ../../angel/rt.s                         0x00000000   Number         0  rt_fp_status_addr_intlibspace.o ABSOLUTE
    ../../angel/scatter.s                    0x00000000   Number         0  __scatter.o ABSOLUTE
    ../../angel/startup.s                    0x00000000   Number         0  __main.o ABSOLUTE
    ../../angel/sys.s                        0x00000000   Number         0  use_no_semi.o ABSOLUTE
    ../../angel/sys.s                        0x00000000   Number         0  indicate_semi.o ABSOLUTE
    ../../angel/sys.s                        0x00000000   Number         0  sys_stackheap_outer.o ABSOLUTE
    ../../angel/sys.s                        0x00000000   Number         0  libspace.o ABSOLUTE
    ../../angel/sysapp.c                     0x00000000   Number         0  sys_command.o ABSOLUTE
    ../../angel/sysapp.c                     0x00000000   Number         0  sys_exit.o ABSOLUTE
    ../../angel/sysapp.c                     0x00000000   Number         0  sys_wrch.o ABSOLUTE
    ../../armsys.c                           0x00000000   Number         0  _get_argv_nomalloc.o ABSOLUTE
    ../../armsys.c                           0x00000000   Number         0  no_argv.o ABSOLUTE
    ../../armsys.c                           0x00000000   Number         0  argv_veneer.o ABSOLUTE
    ../../armsys.c                           0x00000000   Number         0  argv_veneer.o ABSOLUTE
    ../../fpinit.s                           0x00000000   Number         0  fpinit.o ABSOLUTE
    ../../heapalloc.c                        0x00000000   Number         0  hrguard.o ABSOLUTE
    ../../heapaux.c                          0x00000000   Number         0  heapauxi.o ABSOLUTE
    ../../libinit.s                          0x00000000   Number         0  libshutdown.o ABSOLUTE
    ../../libinit.s                          0x00000000   Number         0  libshutdown2.o ABSOLUTE
    ../../libinit.s                          0x00000000   Number         0  libinit2.o ABSOLUTE
    ../../libinit.s                          0x00000000   Number         0  libinit.o ABSOLUTE
    ../../memcpset.s                         0x00000000   Number         0  rt_memclr_w.o ABSOLUTE
    ../../memcpset.s                         0x00000000   Number         0  rt_memclr.o ABSOLUTE
    ../../misc.s                             0x00000000   Number         0  printf_stubs.o ABSOLUTE
    ../../printf.c                           0x00000000   Number         0  _printf_char_common.o ABSOLUTE
    ../../printf.c                           0x00000000   Number         0  _printf_char.o ABSOLUTE
    ../../printf.c                           0x00000000   Number         0  _printf_char_file.o ABSOLUTE
    ../../printf.c                           0x00000000   Number         0  __printf_wp.o ABSOLUTE
    ../../printf.c                           0x00000000   Number         0  _printf_str.o ABSOLUTE
    ../../printf.c                           0x00000000   Number         0  __printf.o ABSOLUTE
    ../../printf.c                           0x00000000   Number         0  __printf_flags_ss_wp.o ABSOLUTE
    ../../printf.c                           0x00000000   Number         0  __2printf.o ABSOLUTE
    ../../printf.c                           0x00000000   Number         0  _printf_hex_int_ll.o ABSOLUTE
    ../../printf.c                           0x00000000   Number         0  _printf_hex_ptr.o ABSOLUTE
    ../../printf.c                           0x00000000   Number         0  __printf_flags_wp.o ABSOLUTE
    ../../printf.c                           0x00000000   Number         0  __printf_ss_wp.o ABSOLUTE
    ../../printf.c                           0x00000000   Number         0  _printf_hex_int_ptr.o ABSOLUTE
    ../../printf.c                           0x00000000   Number         0  _printf_hex_ll_ptr.o ABSOLUTE
    ../../printf.c                           0x00000000   Number         0  _printf_hex_int_ll_ptr.o ABSOLUTE
    ../../printf.c                           0x00000000   Number         0  __printf_flags.o ABSOLUTE
    ../../printf.c                           0x00000000   Number         0  _printf_hex_ll.o ABSOLUTE
    ../../printf.c                           0x00000000   Number         0  _printf_hex_int.o ABSOLUTE
    ../../printf.c                           0x00000000   Number         0  __printf_nopercent.o ABSOLUTE
    ../../printf.c                           0x00000000   Number         0  noretval__2printf.o ABSOLUTE
    ../../printf.c                           0x00000000   Number         0  __printf_ss.o ABSOLUTE
    ../../printf.c                           0x00000000   Number         0  __printf_flags_ss.o ABSOLUTE
    ../../printf.c                           0x00000000   Number         0  _printf_intcommon.o ABSOLUTE
    ../../printf_percent.s                   0x00000000   Number         0  _printf_percent.o ABSOLUTE
    ../../printf_percent.s                   0x00000000   Number         0  _printf_x.o ABSOLUTE
    ../../printf_percent.s                   0x00000000   Number         0  _printf_percent_end.o ABSOLUTE
    ../../printf_percent.s                   0x00000000   Number         0  _printf_c.o ABSOLUTE
    ../../signal.c                           0x00000000   Number         0  defsig_rtred_inner.o ABSOLUTE
    ../../signal.c                           0x00000000   Number         0  defsig_stak_inner.o ABSOLUTE
    ../../signal.c                           0x00000000   Number         0  defsig_pvfn_inner.o ABSOLUTE
    ../../signal.c                           0x00000000   Number         0  defsig_cppl_inner.o ABSOLUTE
    ../../signal.c                           0x00000000   Number         0  defsig_segv_inner.o ABSOLUTE
    ../../signal.c                           0x00000000   Number         0  defsig_other.o ABSOLUTE
    ../../signal.c                           0x00000000   Number         0  defsig_abrt_inner.o ABSOLUTE
    ../../signal.c                           0x00000000   Number         0  defsig_rtmem_outer.o ABSOLUTE
    ../../signal.c                           0x00000000   Number         0  defsig_rtmem_formal.o ABSOLUTE
    ../../signal.c                           0x00000000   Number         0  defsig_exit.o ABSOLUTE
    ../../signal.c                           0x00000000   Number         0  defsig_rtmem_inner.o ABSOLUTE
    ../../signal.c                           0x00000000   Number         0  __raise.o ABSOLUTE
    ../../signal.c                           0x00000000   Number         0  defsig_general.o ABSOLUTE
    ../../signal.c                           0x00000000   Number         0  defsig_fpe_inner.o ABSOLUTE
    ../../signal.s                           0x00000000   Number         0  defsig.o ABSOLUTE
    ../../stdio.c                            0x00000000   Number         0  ferror_locked.o ABSOLUTE
    ../../stdio.c                            0x00000000   Number         0  ferror.o ABSOLUTE
    ../../stdlib.c                           0x00000000   Number         0  exit.o ABSOLUTE
    ACH512\\driver\\gpio.c                   0x00000000   Number         0  gpio.o ABSOLUTE
    ACH512\\driver\\iic.c                    0x00000000   Number         0  iic.o ABSOLUTE
    ACH512\\driver\\iic_sx.c                 0x00000000   Number         0  iic_sx.o ABSOLUTE
    ACH512\\driver\\lcd.c                    0x00000000   Number         0  lcd.o ABSOLUTE
    ACH512\\driver\\timer.c                  0x00000000   Number         0  timer.o ABSOLUTE
    ACH512\\driver\\uart.c                   0x00000000   Number         0  uart.o ABSOLUTE
    ACH512\\system\\system_ach512.c          0x00000000   Number         0  system_ach512.o ABSOLUTE
    ACH512\driver\gpio.c                     0x00000000   Number         0  gpio.o ABSOLUTE
    ACH512\driver\iic.c                      0x00000000   Number         0  iic.o ABSOLUTE
    ACH512\driver\iic_sx.c                   0x00000000   Number         0  iic_sx.o ABSOLUTE
    ACH512\driver\lcd.c                      0x00000000   Number         0  lcd.o ABSOLUTE
    ACH512\driver\timer.c                    0x00000000   Number         0  timer.o ABSOLUTE
    ACH512\driver\uart.c                     0x00000000   Number         0  uart.o ABSOLUTE
    ACH512\system\startup.s                  0x00000000   Number         0  startup.o ABSOLUTE
    ACH512\system\system_ach512.c            0x00000000   Number         0  system_ach512.o ABSOLUTE
    APP\\app.c                               0x00000000   Number         0  app.o ABSOLUTE
    APP\\main.c                              0x00000000   Number         0  main.o ABSOLUTE
    APP\\timer0.c                            0x00000000   Number         0  timer0.o ABSOLUTE
    APP\app.c                                0x00000000   Number         0  app.o ABSOLUTE
    APP\main.c                               0x00000000   Number         0  main.o ABSOLUTE
    APP\timer0.c                             0x00000000   Number         0  timer0.o ABSOLUTE
    COMMON\\common.c                         0x00000000   Number         0  common.o ABSOLUTE
    COMMON\common.c                          0x00000000   Number         0  common.o ABSOLUTE
    dc.s                                     0x00000000   Number         0  dc.o ABSOLUTE
    !!!main                                  0x000000c0   Section        8  __main.o(!!!main)
    !!!scatter                               0x000000c8   Section       52  __scatter.o(!!!scatter)
    !!dczerorl2                              0x000000fc   Section       90  __dczerorl2.o(!!dczerorl2)
    !!handler_zi                             0x00000158   Section       28  __scatter_zi.o(!!handler_zi)
    .ARM.Collect$$_printf_percent$$00000000  0x00000174   Section        0  _printf_percent.o(.ARM.Collect$$_printf_percent$$00000000)
    .ARM.Collect$$_printf_percent$$0000000C  0x00000174   Section        6  _printf_x.o(.ARM.Collect$$_printf_percent$$0000000C)
    .ARM.Collect$$_printf_percent$$00000013  0x0000017a   Section        6  _printf_c.o(.ARM.Collect$$_printf_percent$$00000013)
    .ARM.Collect$$_printf_percent$$00000017  0x00000180   Section        4  _printf_percent_end.o(.ARM.Collect$$_printf_percent$$00000017)
    .ARM.Collect$$libinit$$00000000          0x00000184   Section        6  libinit.o(.ARM.Collect$$libinit$$00000000)
    .ARM.Collect$$libinit$$00000006          0x0000018a   Section        0  libinit2.o(.ARM.Collect$$libinit$$00000006)
    .ARM.Collect$$libinit$$00000008          0x0000018a   Section        0  libinit2.o(.ARM.Collect$$libinit$$00000008)
    .ARM.Collect$$libinit$$0000000A          0x0000018a   Section        0  libinit2.o(.ARM.Collect$$libinit$$0000000A)
    .ARM.Collect$$libinit$$0000000D          0x0000018a   Section        0  libinit2.o(.ARM.Collect$$libinit$$0000000D)
    .ARM.Collect$$libinit$$0000000F          0x0000018a   Section        0  libinit2.o(.ARM.Collect$$libinit$$0000000F)
    .ARM.Collect$$libinit$$00000011          0x0000018a   Section        0  libinit2.o(.ARM.Collect$$libinit$$00000011)
    .ARM.Collect$$libinit$$00000013          0x0000018a   Section        0  libinit2.o(.ARM.Collect$$libinit$$00000013)
    .ARM.Collect$$libinit$$00000015          0x0000018a   Section        0  libinit2.o(.ARM.Collect$$libinit$$00000015)
    .ARM.Collect$$libinit$$00000017          0x0000018a   Section        0  libinit2.o(.ARM.Collect$$libinit$$00000017)
    .ARM.Collect$$libinit$$00000019          0x0000018a   Section        0  libinit2.o(.ARM.Collect$$libinit$$00000019)
    .ARM.Collect$$libinit$$0000001B          0x0000018a   Section        0  libinit2.o(.ARM.Collect$$libinit$$0000001B)
    .ARM.Collect$$libinit$$0000001D          0x0000018a   Section        0  libinit2.o(.ARM.Collect$$libinit$$0000001D)
    .ARM.Collect$$libinit$$0000001F          0x0000018a   Section        0  libinit2.o(.ARM.Collect$$libinit$$0000001F)
    .ARM.Collect$$libinit$$00000021          0x0000018a   Section        0  libinit2.o(.ARM.Collect$$libinit$$00000021)
    .ARM.Collect$$libinit$$00000028          0x0000018a   Section        0  libinit2.o(.ARM.Collect$$libinit$$00000028)
    .ARM.Collect$$libinit$$0000002A          0x0000018a   Section        0  libinit2.o(.ARM.Collect$$libinit$$0000002A)
    .ARM.Collect$$libinit$$0000002C          0x0000018a   Section        0  libinit2.o(.ARM.Collect$$libinit$$0000002C)
    .ARM.Collect$$libinit$$0000002E          0x0000018a   Section        0  libinit2.o(.ARM.Collect$$libinit$$0000002E)
    .ARM.Collect$$libinit$$0000002F          0x0000018a   Section        2  libinit2.o(.ARM.Collect$$libinit$$0000002F)
    .ARM.Collect$$libshutdown$$00000000      0x0000018c   Section        2  libshutdown.o(.ARM.Collect$$libshutdown$$00000000)
    .ARM.Collect$$libshutdown$$00000003      0x0000018e   Section        0  libshutdown2.o(.ARM.Collect$$libshutdown$$00000003)
    .ARM.Collect$$libshutdown$$00000006      0x0000018e   Section        0  libshutdown2.o(.ARM.Collect$$libshutdown$$00000006)
    .ARM.Collect$$libshutdown$$00000009      0x0000018e   Section        0  libshutdown2.o(.ARM.Collect$$libshutdown$$00000009)
    .ARM.Collect$$libshutdown$$0000000B      0x0000018e   Section        0  libshutdown2.o(.ARM.Collect$$libshutdown$$0000000B)
    .ARM.Collect$$libshutdown$$0000000E      0x0000018e   Section        0  libshutdown2.o(.ARM.Collect$$libshutdown$$0000000E)
    .ARM.Collect$$libshutdown$$0000000F      0x0000018e   Section        2  libshutdown2.o(.ARM.Collect$$libshutdown$$0000000F)
    .ARM.Collect$$rtentry$$00000000          0x00000190   Section        0  rtentry.o(.ARM.Collect$$rtentry$$00000000)
    .ARM.Collect$$rtentry$$00000002          0x00000190   Section        0  rtentry2.o(.ARM.Collect$$rtentry$$00000002)
    .ARM.Collect$$rtentry$$00000004          0x00000190   Section        6  rtentry4.o(.ARM.Collect$$rtentry$$00000004)
    .ARM.Collect$$rtentry$$00000009          0x00000196   Section        0  rtentry2.o(.ARM.Collect$$rtentry$$00000009)
    .ARM.Collect$$rtentry$$0000000A          0x00000196   Section        4  rtentry2.o(.ARM.Collect$$rtentry$$0000000A)
    .ARM.Collect$$rtentry$$0000000C          0x0000019a   Section        0  rtentry2.o(.ARM.Collect$$rtentry$$0000000C)
    .ARM.Collect$$rtentry$$0000000D          0x0000019a   Section        8  rtentry2.o(.ARM.Collect$$rtentry$$0000000D)
    .ARM.Collect$$rtexit$$00000000           0x000001a2   Section        2  rtexit.o(.ARM.Collect$$rtexit$$00000000)
    .ARM.Collect$$rtexit$$00000002           0x000001a4   Section        0  rtexit2.o(.ARM.Collect$$rtexit$$00000002)
    .ARM.Collect$$rtexit$$00000003           0x000001a4   Section        4  rtexit2.o(.ARM.Collect$$rtexit$$00000003)
    .ARM.Collect$$rtexit$$00000004           0x000001a8   Section        6  rtexit2.o(.ARM.Collect$$rtexit$$00000004)
    .text                                    0x000001b0   Section       52  startup.o(.text)
    .text                                    0x000001e4   Section        0  system_ach512.o(.text)
    .text                                    0x000007fc   Section        0  uart.o(.text)
    NVIC_EnableIRQ                           0x00000a6d   Thumb Code    24  uart.o(.text)
    NVIC_ClearPendingIRQ                     0x00000a85   Thumb Code    18  uart.o(.text)
    .text                                    0x00000ac8   Section        0  gpio.o(.text)
    NVIC_EnableIRQ                           0x00000b05   Thumb Code    24  gpio.o(.text)
    NVIC_ClearPendingIRQ                     0x00000b1d   Thumb Code    18  gpio.o(.text)
    .text                                    0x00000b44   Section        0  timer.o(.text)
    NVIC_EnableIRQ                           0x00000f7d   Thumb Code    24  timer.o(.text)
    NVIC_ClearPendingIRQ                     0x00000f95   Thumb Code    18  timer.o(.text)
    .text                                    0x00000fb0   Section        0  iic.o(.text)
    .text                                    0x000015f4   Section        0  common.o(.text)
    .text                                    0x0000168c   Section        0  main.o(.text)
    .text                                    0x000016b0   Section        0  timer0.o(.text)
    .text                                    0x00001744   Section        0  noretval__2printf.o(.text)
    .text                                    0x0000175c   Section        0  _printf_str.o(.text)
    .text                                    0x000017b0   Section        0  _printf_hex_int.o(.text)
    .text                                    0x0000180c   Section        0  __printf_wp.o(.text)
    .text                                    0x0000191a   Section       68  rt_memclr.o(.text)
    .text                                    0x0000195e   Section       78  rt_memclr_w.o(.text)
    .text                                    0x000019ac   Section        0  heapauxi.o(.text)
    .text                                    0x000019b2   Section        0  _printf_intcommon.o(.text)
    .text                                    0x00001a6a   Section        0  _printf_char.o(.text)
    .text                                    0x00001a98   Section        0  _printf_char_file.o(.text)
    .text                                    0x00001abc   Section        0  _printf_char_common.o(.text)
    _printf_input_char                       0x00001abd   Thumb Code    10  _printf_char_common.o(.text)
    .text                                    0x00001aec   Section        0  ferror.o(.text)
    .text                                    0x00001af4   Section       74  sys_stackheap_outer.o(.text)
    .text                                    0x00001b3e   Section        0  exit.o(.text)
    .text                                    0x00001b4c   Section        8  libspace.o(.text)
    .text                                    0x00001b54   Section        8  rt_fp_status_addr_intlibspace.o(.text)
    .text                                    0x00001b5c   Section        0  sys_exit.o(.text)
    .text                                    0x00001b68   Section        2  use_no_semi.o(.text)
    .text                                    0x00001b6a   Section        0  indicate_semi.o(.text)
    i._is_digit                              0x00001b6a   Section        0  __printf_wp.o(i._is_digit)
    x$fpl$fpinit                             0x00001b78   Section       14  fpinit.o(x$fpl$fpinit)
    .constdata                               0x00001b86   Section       40  _printf_hex_int.o(.constdata)
    uc_hextab                                0x00001b86   Data          20  _printf_hex_int.o(.constdata)
    lc_hextab                                0x00001b9a   Data          20  _printf_hex_int.o(.constdata)
    .data                                    0x20000040   Section       12  system_ach512.o(.data)
    .data                                    0x2000004c   Section       12  uart.o(.data)
    .data                                    0x20000058   Section        2  gpio.o(.data)
    .data                                    0x2000005a   Section        8  timer.o(.data)
    .data                                    0x20000064   Section      300  iic.o(.data)
    .bss                                     0x20000190   Section       32  uart.o(.bss)
    .bss                                     0x200001b0   Section       32  timer.o(.bss)
    .bss                                     0x200001d0   Section      300  iic.o(.bss)
    .bss                                     0x200002fc   Section       96  libspace.o(.bss)
    HEAP                                     0x20000360   Section        0  startup.o(HEAP)
    STACK                                    0x20000360   Section     2048  startup.o(STACK)
    Heap_Mem                                 0x20000360   Data           0  startup.o(HEAP)
    Stack_Mem                                0x20000360   Data        2048  startup.o(STACK)
    __initial_sp                             0x20000b60   Data           0  startup.o(STACK)

    Global Symbols

    Symbol Name                              Value     Ov Type        Size  Object(Section)

    BuildAttributes$$THM_ISAv4$P$D$K$B$S$PE$A:L22UL41UL21$X:L11$S22US41US21$IEEE1$IW$USESV6$~STKCKD$USESV7$~SHL$OSPACE$ROPI$EBA8$UX$STANDARDLIB$REQ8$PRES8$EABIv2 0x00000000   Number         0  anon$$obj.o ABSOLUTE
    __ARM_use_no_argv                        0x00000000   Number         0  main.o ABSOLUTE
    __Vectors                                0x00000000   Data           0  startup.o(RESET)
    _printf_flags                            0x00000000   Number         0  printf_stubs.o ABSOLUTE
    _printf_return_value                     0x00000000   Number         0  printf_stubs.o ABSOLUTE
    _printf_sizespec                         0x00000000   Number         0  printf_stubs.o ABSOLUTE
    _printf_widthprec                        0x00000000   Number         0  printf_stubs.o ABSOLUTE
    __ARM_exceptions_init                     - Undefined Weak Reference
    __alloca_initialize                       - Undefined Weak Reference
    __cpp_initialize__aeabi_                  - Undefined Weak Reference
    __cxa_finalize                            - Undefined Weak Reference
    __rt_locale                               - Undefined Weak Reference
    __sigvec_lookup                           - Undefined Weak Reference
    _atexit_init                              - Undefined Weak Reference
    _call_atexit_fns                          - Undefined Weak Reference
    _clock_init                               - Undefined Weak Reference
    _fp_trap_init                             - Undefined Weak Reference
    _fp_trap_shutdown                         - Undefined Weak Reference
    _get_lc_collate                           - Undefined Weak Reference
    _get_lc_ctype                             - Undefined Weak Reference
    _get_lc_monetary                          - Undefined Weak Reference
    _get_lc_numeric                           - Undefined Weak Reference
    _get_lc_time                              - Undefined Weak Reference
    _getenv_init                              - Undefined Weak Reference
    _handle_redirection                       - Undefined Weak Reference
    _init_alloc                               - Undefined Weak Reference
    _init_user_alloc                          - Undefined Weak Reference
    _initio                                   - Undefined Weak Reference
    _mutex_acquire                            - Undefined Weak Reference
    _mutex_release                            - Undefined Weak Reference
    _printf_mbtowc                            - Undefined Weak Reference
    _printf_post_padding                      - Undefined Weak Reference
    _printf_pre_padding                       - Undefined Weak Reference
    _printf_truncate_unsigned                 - Undefined Weak Reference
    _rand_init                                - Undefined Weak Reference
    _signal_finish                            - Undefined Weak Reference
    _signal_init                              - Undefined Weak Reference
    _terminate_alloc                          - Undefined Weak Reference
    _terminate_user_alloc                     - Undefined Weak Reference
    _terminateio                              - Undefined Weak Reference
    __main                                   0x000000c1   Thumb Code     8  __main.o(!!!main)
    __scatterload                            0x000000c9   Thumb Code     0  __scatter.o(!!!scatter)
    __scatterload_rt2                        0x000000c9   Thumb Code    44  __scatter.o(!!!scatter)
    __scatterload_rt2_thumb_only             0x000000c9   Thumb Code     0  __scatter.o(!!!scatter)
    __scatterload_null                       0x000000d7   Thumb Code     0  __scatter.o(!!!scatter)
    __decompress                             0x000000fd   Thumb Code    90  __dczerorl2.o(!!dczerorl2)
    __decompress1                            0x000000fd   Thumb Code     0  __dczerorl2.o(!!dczerorl2)
    __scatterload_zeroinit                   0x00000159   Thumb Code    28  __scatter_zi.o(!!handler_zi)
    _printf_percent                          0x00000175   Thumb Code     0  _printf_percent.o(.ARM.Collect$$_printf_percent$$00000000)
    _printf_x                                0x00000175   Thumb Code     0  _printf_x.o(.ARM.Collect$$_printf_percent$$0000000C)
    _printf_c                                0x0000017b   Thumb Code     0  _printf_c.o(.ARM.Collect$$_printf_percent$$00000013)
    _printf_percent_end                      0x00000181   Thumb Code     0  _printf_percent_end.o(.ARM.Collect$$_printf_percent$$00000017)
    __rt_lib_init                            0x00000185   Thumb Code     0  libinit.o(.ARM.Collect$$libinit$$00000000)
    __rt_lib_init_alloca_1                   0x0000018b   Thumb Code     0  libinit2.o(.ARM.Collect$$libinit$$0000002A)
    __rt_lib_init_argv_1                     0x0000018b   Thumb Code     0  libinit2.o(.ARM.Collect$$libinit$$00000028)
    __rt_lib_init_atexit_1                   0x0000018b   Thumb Code     0  libinit2.o(.ARM.Collect$$libinit$$00000017)
    __rt_lib_init_clock_1                    0x0000018b   Thumb Code     0  libinit2.o(.ARM.Collect$$libinit$$0000001D)
    __rt_lib_init_cpp_1                      0x0000018b   Thumb Code     0  libinit2.o(.ARM.Collect$$libinit$$0000002E)
    __rt_lib_init_exceptions_1               0x0000018b   Thumb Code     0  libinit2.o(.ARM.Collect$$libinit$$0000002C)
    __rt_lib_init_fp_trap_1                  0x0000018b   Thumb Code     0  libinit2.o(.ARM.Collect$$libinit$$0000001B)
    __rt_lib_init_getenv_1                   0x0000018b   Thumb Code     0  libinit2.o(.ARM.Collect$$libinit$$0000001F)
    __rt_lib_init_heap_1                     0x0000018b   Thumb Code     0  libinit2.o(.ARM.Collect$$libinit$$00000006)
    __rt_lib_init_lc_collate_1               0x0000018b   Thumb Code     0  libinit2.o(.ARM.Collect$$libinit$$0000000D)
    __rt_lib_init_lc_ctype_1                 0x0000018b   Thumb Code     0  libinit2.o(.ARM.Collect$$libinit$$0000000F)
    __rt_lib_init_lc_monetary_1              0x0000018b   Thumb Code     0  libinit2.o(.ARM.Collect$$libinit$$00000011)
    __rt_lib_init_lc_numeric_1               0x0000018b   Thumb Code     0  libinit2.o(.ARM.Collect$$libinit$$00000013)
    __rt_lib_init_lc_time_1                  0x0000018b   Thumb Code     0  libinit2.o(.ARM.Collect$$libinit$$00000015)
    __rt_lib_init_rand_1                     0x0000018b   Thumb Code     0  libinit2.o(.ARM.Collect$$libinit$$0000000A)
    __rt_lib_init_return                     0x0000018b   Thumb Code     0  libinit2.o(.ARM.Collect$$libinit$$0000002F)
    __rt_lib_init_signal_1                   0x0000018b   Thumb Code     0  libinit2.o(.ARM.Collect$$libinit$$00000019)
    __rt_lib_init_stdio_1                    0x0000018b   Thumb Code     0  libinit2.o(.ARM.Collect$$libinit$$00000021)
    __rt_lib_init_user_alloc_1               0x0000018b   Thumb Code     0  libinit2.o(.ARM.Collect$$libinit$$00000008)
    __rt_lib_shutdown                        0x0000018d   Thumb Code     0  libshutdown.o(.ARM.Collect$$libshutdown$$00000000)
    __rt_lib_shutdown_fp_trap_1              0x0000018f   Thumb Code     0  libshutdown2.o(.ARM.Collect$$libshutdown$$00000006)
    __rt_lib_shutdown_heap_1                 0x0000018f   Thumb Code     0  libshutdown2.o(.ARM.Collect$$libshutdown$$0000000E)
    __rt_lib_shutdown_return                 0x0000018f   Thumb Code     0  libshutdown2.o(.ARM.Collect$$libshutdown$$0000000F)
    __rt_lib_shutdown_signal_1               0x0000018f   Thumb Code     0  libshutdown2.o(.ARM.Collect$$libshutdown$$00000009)
    __rt_lib_shutdown_stdio_1                0x0000018f   Thumb Code     0  libshutdown2.o(.ARM.Collect$$libshutdown$$00000003)
    __rt_lib_shutdown_user_alloc_1           0x0000018f   Thumb Code     0  libshutdown2.o(.ARM.Collect$$libshutdown$$0000000B)
    __rt_entry                               0x00000191   Thumb Code     0  rtentry.o(.ARM.Collect$$rtentry$$00000000)
    __rt_entry_presh_1                       0x00000191   Thumb Code     0  rtentry2.o(.ARM.Collect$$rtentry$$00000002)
    __rt_entry_sh                            0x00000191   Thumb Code     0  rtentry4.o(.ARM.Collect$$rtentry$$00000004)
    __rt_entry_li                            0x00000197   Thumb Code     0  rtentry2.o(.ARM.Collect$$rtentry$$0000000A)
    __rt_entry_postsh_1                      0x00000197   Thumb Code     0  rtentry2.o(.ARM.Collect$$rtentry$$00000009)
    __rt_entry_main                          0x0000019b   Thumb Code     0  rtentry2.o(.ARM.Collect$$rtentry$$0000000D)
    __rt_entry_postli_1                      0x0000019b   Thumb Code     0  rtentry2.o(.ARM.Collect$$rtentry$$0000000C)
    __rt_exit                                0x000001a3   Thumb Code     0  rtexit.o(.ARM.Collect$$rtexit$$00000000)
    __rt_exit_ls                             0x000001a5   Thumb Code     0  rtexit2.o(.ARM.Collect$$rtexit$$00000003)
    __rt_exit_prels_1                        0x000001a5   Thumb Code     0  rtexit2.o(.ARM.Collect$$rtexit$$00000002)
    __rt_exit_exit                           0x000001a9   Thumb Code     0  rtexit2.o(.ARM.Collect$$rtexit$$00000004)
    Reset_Handler                            0x000001b1   Thumb Code     4  startup.o(.text)
    NMI_Handler                              0x000001b5   Thumb Code     2  startup.o(.text)
    HardFault_Handler                        0x000001b7   Thumb Code     2  startup.o(.text)
    MemManage_Handler                        0x000001b9   Thumb Code     2  startup.o(.text)
    BusFault_Handler                         0x000001bb   Thumb Code     2  startup.o(.text)
    UsageFault_Handler                       0x000001bd   Thumb Code     2  startup.o(.text)
    SVC_Handler                              0x000001bf   Thumb Code     2  startup.o(.text)
    DebugMon_Handler                         0x000001c1   Thumb Code     2  startup.o(.text)
    PendSV_Handler                           0x000001c3   Thumb Code     2  startup.o(.text)
    SysTick_Handler                          0x000001c5   Thumb Code     2  startup.o(.text)
    BCH_IRQHandler                           0x000001c7   Thumb Code     0  startup.o(.text)
    DES_IRQHandler                           0x000001c7   Thumb Code     0  startup.o(.text)
    DMA_IRQHandler                           0x000001c7   Thumb Code     0  startup.o(.text)
    ECC_IRQHandler                           0x000001c7   Thumb Code     0  startup.o(.text)
    EFC_IRQHandler                           0x000001c7   Thumb Code     0  startup.o(.text)
    EMW_IRQHandle                            0x000001c7   Thumb Code     0  startup.o(.text)
    I2C_IRQHandler                           0x000001c7   Thumb Code     0  startup.o(.text)
    ISO7816MS_IRQHandler                     0x000001c7   Thumb Code     0  startup.o(.text)
    MS7816RST_IRQHandler                     0x000001c7   Thumb Code     0  startup.o(.text)
    NFM_IRQHandler                           0x000001c7   Thumb Code     0  startup.o(.text)
    SDIO_IRQHandler                          0x000001c7   Thumb Code     0  startup.o(.text)
    SENSOR_IRQHandler                        0x000001c7   Thumb Code     0  startup.o(.text)
    SM1_IRQHandler                           0x000001c7   Thumb Code     0  startup.o(.text)
    SM4_IRQHandler                           0x000001c7   Thumb Code     0  startup.o(.text)
    SPIA_IRQHandler                          0x000001c7   Thumb Code     0  startup.o(.text)
    SPIB_IRQHandler                          0x000001c7   Thumb Code     0  startup.o(.text)
    USB_IRQHandler                           0x000001c7   Thumb Code     0  startup.o(.text)
    WAKEUP_IRQHandler                        0x000001c7   Thumb Code     0  startup.o(.text)
    WDT_IRQHandler                           0x000001c7   Thumb Code     0  startup.o(.text)
    __user_initial_stackheap                 0x000001c9   Thumb Code     0  startup.o(.text)
    enable_module                            0x000001e5   Thumb Code   144  system_ach512.o(.text)
    disable_module                           0x00000275   Thumb Code   144  system_ach512.o(.text)
    clock_init_XOSC                          0x00000305   Thumb Code   486  system_ach512.o(.text)
    clock_init_ROSC                          0x000004eb   Thumb Code   650  system_ach512.o(.text)
    clock_init                               0x00000775   Thumb Code    12  system_ach512.o(.text)
    cache_on                                 0x00000781   Thumb Code     8  system_ach512.o(.text)
    cache_off                                0x00000789   Thumb Code     8  system_ach512.o(.text)
    SystemInit                               0x00000791   Thumb Code    60  system_ach512.o(.text)
    SystemCoreClockUpdate                    0x000007cd   Thumb Code     2  system_ach512.o(.text)
    getch                                    0x000007fd   Thumb Code    74  uart.o(.text)
    UARTA_IRQHandler                         0x00000847   Thumb Code    90  uart.o(.text)
    UARTB_IRQHandler                         0x000008a1   Thumb Code   116  uart.o(.text)
    uart_set_baud_rate                       0x00000915   Thumb Code    70  uart.o(.text)
    uart_init                                0x0000095b   Thumb Code   190  uart.o(.text)
    outbyte                                  0x00000a19   Thumb Code    34  uart.o(.text)
    uart_send_bytes                          0x00000a3b   Thumb Code    32  uart.o(.text)
    fputc                                    0x00000a5b   Thumb Code    18  uart.o(.text)
    GPIOA_IRQHandler                         0x00000ac9   Thumb Code    16  gpio.o(.text)
    GPIOB_IRQHandler                         0x00000ad9   Thumb Code    16  gpio.o(.text)
    gpio_init                                0x00000ae9   Thumb Code    28  gpio.o(.text)
    TIMER_IRQHandler                         0x00000b45   Thumb Code    62  timer.o(.text)
    CCPWM_IRQHandler                         0x00000b83   Thumb Code    94  timer.o(.text)
    timer_init                               0x00000be1   Thumb Code    16  timer.o(.text)
    timer_set_us                             0x00000bf1   Thumb Code    70  timer.o(.text)
    timer_set_ms                             0x00000c37   Thumb Code   122  timer.o(.text)
    timer_start                              0x00000cb1   Thumb Code    26  timer.o(.text)
    timer_stop                               0x00000ccb   Thumb Code    36  timer.o(.text)
    capture_set                              0x00000cef   Thumb Code   154  timer.o(.text)
    capture_start                            0x00000d89   Thumb Code    34  timer.o(.text)
    capture_stop                             0x00000dab   Thumb Code    34  timer.o(.text)
    pwm_set                                  0x00000dcd   Thumb Code   190  timer.o(.text)
    pwm_start                                0x00000e8b   Thumb Code    18  timer.o(.text)
    pwm_stop                                 0x00000e9d   Thumb Code    18  timer.o(.text)
    timer0_init                              0x00000eaf   Thumb Code    34  timer.o(.text)
    timer0_set_us                            0x00000ed1   Thumb Code    72  timer.o(.text)
    timer0_set_ms                            0x00000f19   Thumb Code   100  timer.o(.text)
    iic_init                                 0x00000fb1   Thumb Code   184  iic.o(.text)
    iic_power                                0x00001069   Thumb Code    76  iic.o(.text)
    iic_start                                0x000010b5   Thumb Code    74  iic.o(.text)
    iic_stop                                 0x000010ff   Thumb Code    86  iic.o(.text)
    iic_wait_ack                             0x00001155   Thumb Code    90  iic.o(.text)
    iic_ack                                  0x000011af   Thumb Code    78  iic.o(.text)
    iic_nack                                 0x000011fd   Thumb Code    78  iic.o(.text)
    iic_write_byte                           0x0000124b   Thumb Code   136  iic.o(.text)
    iic_write                                0x000012d3   Thumb Code    62  iic.o(.text)
    iic_read_byte                            0x00001311   Thumb Code   102  iic.o(.text)
    iic_read                                 0x00001377   Thumb Code   106  iic.o(.text)
    iic_rx_tx                                0x000013e1   Thumb Code    52  iic.o(.text)
    iic_test                                 0x00001415   Thumb Code   468  iic.o(.text)
    printf_buff_byte                         0x000015f5   Thumb Code    32  common.o(.text)
    printf_buff_word                         0x00001615   Thumb Code    34  common.o(.text)
    delay                                    0x00001637   Thumb Code    12  common.o(.text)
    reverse_DWORD                            0x00001643   Thumb Code    20  common.o(.text)
    reverse_memory                           0x00001657   Thumb Code    32  common.o(.text)
    main                                     0x0000168d   Thumb Code    36  main.o(.text)
    Timer0Init                               0x000016b1   Thumb Code    40  timer0.o(.text)
    Timer0DelayMs                            0x000016d9   Thumb Code    48  timer0.o(.text)
    Timer0DelayUs                            0x00001709   Thumb Code    50  timer0.o(.text)
    __2printf                                0x00001745   Thumb Code    20  noretval__2printf.o(.text)
    _printf_str                              0x0000175d   Thumb Code    82  _printf_str.o(.text)
    _printf_int_hex                          0x000017b1   Thumb Code    88  _printf_hex_int.o(.text)
    _printf_longlong_hex                     0x000017b1   Thumb Code     0  _printf_hex_int.o(.text)
    __printf                                 0x0000180d   Thumb Code   270  __printf_wp.o(.text)
    __aeabi_memclr                           0x0000191b   Thumb Code     0  rt_memclr.o(.text)
    __rt_memclr                              0x0000191b   Thumb Code    68  rt_memclr.o(.text)
    _memset                                  0x0000191f   Thumb Code     0  rt_memclr.o(.text)
    __aeabi_memclr4                          0x0000195f   Thumb Code     0  rt_memclr_w.o(.text)
    __aeabi_memclr8                          0x0000195f   Thumb Code     0  rt_memclr_w.o(.text)
    __rt_memclr_w                            0x0000195f   Thumb Code    78  rt_memclr_w.o(.text)
    _memset_w                                0x00001963   Thumb Code     0  rt_memclr_w.o(.text)
    __use_two_region_memory                  0x000019ad   Thumb Code     2  heapauxi.o(.text)
    __rt_heap_escrow$2region                 0x000019af   Thumb Code     2  heapauxi.o(.text)
    __rt_heap_expand$2region                 0x000019b1   Thumb Code     2  heapauxi.o(.text)
    _printf_int_common                       0x000019b3   Thumb Code   184  _printf_intcommon.o(.text)
    _printf_cs_common                        0x00001a6b   Thumb Code    20  _printf_char.o(.text)
    _printf_char                             0x00001a7f   Thumb Code    16  _printf_char.o(.text)
    _printf_string                           0x00001a8f   Thumb Code     8  _printf_char.o(.text)
    _printf_char_file                        0x00001a99   Thumb Code    32  _printf_char_file.o(.text)
    _printf_char_common                      0x00001ac7   Thumb Code    32  _printf_char_common.o(.text)
    ferror                                   0x00001aed   Thumb Code     8  ferror.o(.text)
    __user_setup_stackheap                   0x00001af5   Thumb Code    74  sys_stackheap_outer.o(.text)
    exit                                     0x00001b3f   Thumb Code    12  exit.o(.text)
    __user_libspace                          0x00001b4d   Thumb Code     8  libspace.o(.text)
    __user_perproc_libspace                  0x00001b4d   Thumb Code     0  libspace.o(.text)
    __user_perthread_libspace                0x00001b4d   Thumb Code     0  libspace.o(.text)
    __rt_fp_status_addr                      0x00001b55   Thumb Code     8  rt_fp_status_addr_intlibspace.o(.text)
    _sys_exit                                0x00001b5d   Thumb Code     8  sys_exit.o(.text)
    __I$use$semihosting                      0x00001b69   Thumb Code     0  use_no_semi.o(.text)
    __use_no_semihosting_swi                 0x00001b69   Thumb Code     2  use_no_semi.o(.text)
    __semihosting_library_function           0x00001b6b   Thumb Code     0  indicate_semi.o(.text)
    _is_digit                                0x00001b6b   Thumb Code    14  __printf_wp.o(i._is_digit)
    _fp_init                                 0x00001b79   Thumb Code    14  fpinit.o(x$fpl$fpinit)
    __fplib_config_pureend_doubles           0x00001b85   Thumb Code     0  fpinit.o(x$fpl$fpinit)
    Region$$Table$$Base                      0x00001bb0   Number         0  anon$$obj.o(Region$$Table)
    Region$$Table$$Limit                     0x00001bd0   Number         0  anon$$obj.o(Region$$Table)
    SystemCoreClock                          0x20000040   Data           4  system_ach512.o(.data)
    SRCClock                                 0x20000044   Data           4  system_ach512.o(.data)
    PClock                                   0x20000048   Data           4  system_ach512.o(.data)
    tx_flag                                  0x2000004c   Data           1  uart.o(.data)
    rx_flag                                  0x2000004d   Data           1  uart.o(.data)
    rx_count                                 0x2000004e   Data           1  uart.o(.data)
    ok                                       0x2000004f   Data           1  uart.o(.data)
    __stdout                                 0x20000050   Data           4  uart.o(.data)
    __stdin                                  0x20000054   Data           4  uart.o(.data)
    flag_gpioa_int                           0x20000058   Data           1  gpio.o(.data)
    flag_gpiob_int                           0x20000059   Data           1  gpio.o(.data)
    flag_capture_int                         0x2000005a   Data           4  timer.o(.data)
    flag_timer_int                           0x2000005e   Data           4  timer.o(.data)
    dataBuf                                  0x20000064   Data         210  iic.o(.data)
    lengthBuf                                0x20000138   Data          88  iic.o(.data)
    uart_rx_buf                              0x20000190   Data          32  uart.o(.bss)
    TimerFunc                                0x200001b0   Data          16  timer.o(.bss)
    CaptureCounter                           0x200001c0   Data          16  timer.o(.bss)
    readBuf                                  0x200001d0   Data         300  iic.o(.bss)
    __libspace_start                         0x200002fc   Data          96  libspace.o(.bss)
    __temporary_stack_top$libspace           0x2000035c   Data           0  libspace.o(.bss)



==============================================================================

Memory Map of the image

  Image Entry point : 0x000000c1

  Load Region LR_IROM1 (Base: 0x00000000, Size: 0x00001d20, Max: 0x00080000, ABSOLUTE, COMPRESSED[0x00001c58])

    Execution Region ER_IROM1 (Base: 0x00000000, Size: 0x00001bd0, Max: 0x00080000, ABSOLUTE)

    Base Addr    Size         Type   Attr      Idx    E Section Name        Object

    0x00000000   0x000000c0   Data   RO            3    RESET               startup.o
    0x000000c0   0x00000008   Code   RO          488  * !!!main             c_w.l(__main.o)
    0x000000c8   0x00000034   Code   RO          662    !!!scatter          c_w.l(__scatter.o)
    0x000000fc   0x0000005a   Code   RO          660    !!dczerorl2         c_w.l(__dczerorl2.o)
    0x00000156   0x00000002   PAD
    0x00000158   0x0000001c   Code   RO          664    !!handler_zi        c_w.l(__scatter_zi.o)
    0x00000174   0x00000000   Code   RO          481    .ARM.Collect$$_printf_percent$$00000000  c_w.l(_printf_percent.o)
    0x00000174   0x00000006   Code   RO          480    .ARM.Collect$$_printf_percent$$0000000C  c_w.l(_printf_x.o)
    0x0000017a   0x00000006   Code   RO          479    .ARM.Collect$$_printf_percent$$00000013  c_w.l(_printf_c.o)
    0x00000180   0x00000004   Code   RO          497    .ARM.Collect$$_printf_percent$$00000017  c_w.l(_printf_percent_end.o)
    0x00000184   0x00000006   Code   RO          530    .ARM.Collect$$libinit$$00000000  c_w.l(libinit.o)
    0x0000018a   0x00000000   Code   RO          538    .ARM.Collect$$libinit$$00000006  c_w.l(libinit2.o)
    0x0000018a   0x00000000   Code   RO          540    .ARM.Collect$$libinit$$00000008  c_w.l(libinit2.o)
    0x0000018a   0x00000000   Code   RO          542    .ARM.Collect$$libinit$$0000000A  c_w.l(libinit2.o)
    0x0000018a   0x00000000   Code   RO          545    .ARM.Collect$$libinit$$0000000D  c_w.l(libinit2.o)
    0x0000018a   0x00000000   Code   RO          547    .ARM.Collect$$libinit$$0000000F  c_w.l(libinit2.o)
    0x0000018a   0x00000000   Code   RO          549    .ARM.Collect$$libinit$$00000011  c_w.l(libinit2.o)
    0x0000018a   0x00000000   Code   RO          551    .ARM.Collect$$libinit$$00000013  c_w.l(libinit2.o)
    0x0000018a   0x00000000   Code   RO          553    .ARM.Collect$$libinit$$00000015  c_w.l(libinit2.o)
    0x0000018a   0x00000000   Code   RO          555    .ARM.Collect$$libinit$$00000017  c_w.l(libinit2.o)
    0x0000018a   0x00000000   Code   RO          557    .ARM.Collect$$libinit$$00000019  c_w.l(libinit2.o)
    0x0000018a   0x00000000   Code   RO          559    .ARM.Collect$$libinit$$0000001B  c_w.l(libinit2.o)
    0x0000018a   0x00000000   Code   RO          561    .ARM.Collect$$libinit$$0000001D  c_w.l(libinit2.o)
    0x0000018a   0x00000000   Code   RO          563    .ARM.Collect$$libinit$$0000001F  c_w.l(libinit2.o)
    0x0000018a   0x00000000   Code   RO          565    .ARM.Collect$$libinit$$00000021  c_w.l(libinit2.o)
    0x0000018a   0x00000000   Code   RO          569    .ARM.Collect$$libinit$$00000028  c_w.l(libinit2.o)
    0x0000018a   0x00000000   Code   RO          571    .ARM.Collect$$libinit$$0000002A  c_w.l(libinit2.o)
    0x0000018a   0x00000000   Code   RO          573    .ARM.Collect$$libinit$$0000002C  c_w.l(libinit2.o)
    0x0000018a   0x00000000   Code   RO          575    .ARM.Collect$$libinit$$0000002E  c_w.l(libinit2.o)
    0x0000018a   0x00000002   Code   RO          576    .ARM.Collect$$libinit$$0000002F  c_w.l(libinit2.o)
    0x0000018c   0x00000002   Code   RO          601    .ARM.Collect$$libshutdown$$00000000  c_w.l(libshutdown.o)
    0x0000018e   0x00000000   Code   RO          615    .ARM.Collect$$libshutdown$$00000003  c_w.l(libshutdown2.o)
    0x0000018e   0x00000000   Code   RO          618    .ARM.Collect$$libshutdown$$00000006  c_w.l(libshutdown2.o)
    0x0000018e   0x00000000   Code   RO          621    .ARM.Collect$$libshutdown$$00000009  c_w.l(libshutdown2.o)
    0x0000018e   0x00000000   Code   RO          623    .ARM.Collect$$libshutdown$$0000000B  c_w.l(libshutdown2.o)
    0x0000018e   0x00000000   Code   RO          626    .ARM.Collect$$libshutdown$$0000000E  c_w.l(libshutdown2.o)
    0x0000018e   0x00000002   Code   RO          627    .ARM.Collect$$libshutdown$$0000000F  c_w.l(libshutdown2.o)
    0x00000190   0x00000000   Code   RO          490    .ARM.Collect$$rtentry$$00000000  c_w.l(rtentry.o)
    0x00000190   0x00000000   Code   RO          499    .ARM.Collect$$rtentry$$00000002  c_w.l(rtentry2.o)
    0x00000190   0x00000006   Code   RO          511    .ARM.Collect$$rtentry$$00000004  c_w.l(rtentry4.o)
    0x00000196   0x00000000   Code   RO          501    .ARM.Collect$$rtentry$$00000009  c_w.l(rtentry2.o)
    0x00000196   0x00000004   Code   RO          502    .ARM.Collect$$rtentry$$0000000A  c_w.l(rtentry2.o)
    0x0000019a   0x00000000   Code   RO          504    .ARM.Collect$$rtentry$$0000000C  c_w.l(rtentry2.o)
    0x0000019a   0x00000008   Code   RO          505    .ARM.Collect$$rtentry$$0000000D  c_w.l(rtentry2.o)
    0x000001a2   0x00000002   Code   RO          534    .ARM.Collect$$rtexit$$00000000  c_w.l(rtexit.o)
    0x000001a4   0x00000000   Code   RO          580    .ARM.Collect$$rtexit$$00000002  c_w.l(rtexit2.o)
    0x000001a4   0x00000004   Code   RO          581    .ARM.Collect$$rtexit$$00000003  c_w.l(rtexit2.o)
    0x000001a8   0x00000006   Code   RO          582    .ARM.Collect$$rtexit$$00000004  c_w.l(rtexit2.o)
    0x000001ae   0x00000002   PAD
    0x000001b0   0x00000034   Code   RO            4    .text               startup.o
    0x000001e4   0x00000618   Code   RO           13    .text               system_ach512.o
    0x000007fc   0x000002cc   Code   RO           83    .text               uart.o
    0x00000ac8   0x0000007c   Code   RO          130    .text               gpio.o
    0x00000b44   0x0000046c   Code   RO          160    .text               timer.o
    0x00000fb0   0x00000644   Code   RO          191    .text               iic.o
    0x000015f4   0x00000098   Code   RO          286    .text               common.o
    0x0000168c   0x00000024   Code   RO          330    .text               main.o
    0x000016b0   0x00000094   Code   RO          407    .text               timer0.o
    0x00001744   0x00000018   Code   RO          432    .text               c_w.l(noretval__2printf.o)
    0x0000175c   0x00000052   Code   RO          436    .text               c_w.l(_printf_str.o)
    0x000017ae   0x00000002   PAD
    0x000017b0   0x0000005c   Code   RO          441    .text               c_w.l(_printf_hex_int.o)
    0x0000180c   0x0000010e   Code   RO          467    .text               c_w.l(__printf_wp.o)
    0x0000191a   0x00000044   Code   RO          482    .text               c_w.l(rt_memclr.o)
    0x0000195e   0x0000004e   Code   RO          484    .text               c_w.l(rt_memclr_w.o)
    0x000019ac   0x00000006   Code   RO          486    .text               c_w.l(heapauxi.o)
    0x000019b2   0x000000b8   Code   RO          491    .text               c_w.l(_printf_intcommon.o)
    0x00001a6a   0x0000002c   Code   RO          493    .text               c_w.l(_printf_char.o)
    0x00001a96   0x00000002   PAD
    0x00001a98   0x00000024   Code   RO          495    .text               c_w.l(_printf_char_file.o)
    0x00001abc   0x00000030   Code   RO          513    .text               c_w.l(_printf_char_common.o)
    0x00001aec   0x00000008   Code   RO          515    .text               c_w.l(ferror.o)
    0x00001af4   0x0000004a   Code   RO          519    .text               c_w.l(sys_stackheap_outer.o)
    0x00001b3e   0x0000000c   Code   RO          523    .text               c_w.l(exit.o)
    0x00001b4a   0x00000002   PAD
    0x00001b4c   0x00000008   Code   RO          531    .text               c_w.l(libspace.o)
    0x00001b54   0x00000008   Code   RO          589    .text               c_w.l(rt_fp_status_addr_intlibspace.o)
    0x00001b5c   0x0000000c   Code   RO          593    .text               c_w.l(sys_exit.o)
    0x00001b68   0x00000002   Code   RO          604    .text               c_w.l(use_no_semi.o)
    0x00001b6a   0x00000000   Code   RO          606    .text               c_w.l(indicate_semi.o)
    0x00001b6a   0x0000000e   Code   RO          469    i._is_digit         c_w.l(__printf_wp.o)
    0x00001b78   0x0000000e   Code   RO          577    x$fpl$fpinit        fz_ws.l(fpinit.o)
    0x00001b86   0x00000028   Data   RO          442    .constdata          c_w.l(_printf_hex_int.o)
    0x00001bae   0x00000002   PAD
    0x00001bb0   0x00000020   Data   RO          658    Region$$Table       anon$$obj.o


    Execution Region RW_IRAM1 (Base: 0x20000040, Size: 0x00000b20, Max: 0x0001ffc0, ABSOLUTE, COMPRESSED[0x00000088])

    Base Addr    Size         Type   Attr      Idx    E Section Name        Object

    0x20000040   0x0000000c   Data   RW           14    .data               system_ach512.o
    0x2000004c   0x0000000c   Data   RW           85    .data               uart.o
    0x20000058   0x00000002   Data   RW          131    .data               gpio.o
    0x2000005a   0x00000008   Data   RW          162    .data               timer.o
    0x20000062   0x00000002   PAD
    0x20000064   0x0000012c   Data   RW          193    .data               iic.o
    0x20000190   0x00000020   Zero   RW           84    .bss                uart.o
    0x200001b0   0x00000020   Zero   RW          161    .bss                timer.o
    0x200001d0   0x0000012c   Zero   RW          192    .bss                iic.o
    0x200002fc   0x00000060   Zero   RW          532    .bss                c_w.l(libspace.o)
    0x2000035c   0x00000004   PAD
    0x20000360   0x00000000   Zero   RW            2    HEAP                startup.o
    0x20000360   0x00000800   Zero   RW            1    STACK               startup.o


==============================================================================

Image component sizes


      Code (inc. data)   RO Data    RW Data    ZI Data      Debug   Object Name

       152         22          0          0          0       2143   common.o
       124         22          0          2          0       1398   gpio.o
      1604         38          0        300        300       4669   iic.o
        36          0          0          0          0        383   main.o
        52         18        192          0       2048        760   startup.o
      1560         86          0         12          0      24664   system_ach512.o
      1132         42          0          8         32       4337   timer.o
       148         10          0          0          0        713   timer0.o
       716         50          0         12         32      27902   uart.o

    ----------------------------------------------------------------------
      5524        288        224        336       2412      66969   Object Totals
         0          0         32          0          0          0   (incl. Generated)
         0          0          0          2          0          0   (incl. Padding)

    ----------------------------------------------------------------------

      Code (inc. data)   RO Data    RW Data    ZI Data      Debug   Library Member Name

        90          0          0          0          0          0   __dczerorl2.o
         8          0          0          0          0         68   __main.o
       284          0          0          0          0        156   __printf_wp.o
        52          8          0          0          0          0   __scatter.o
        28          0          0          0          0          0   __scatter_zi.o
         6          0          0          0          0          0   _printf_c.o
        44          0          0          0          0        108   _printf_char.o
        48          6          0          0          0         96   _printf_char_common.o
        36          4          0          0          0         80   _printf_char_file.o
        92          4         40          0          0         88   _printf_hex_int.o
       184          0          0          0          0         88   _printf_intcommon.o
         0          0          0          0          0          0   _printf_percent.o
         4          0          0          0          0          0   _printf_percent_end.o
        82          0          0          0          0         80   _printf_str.o
         6          0          0          0          0          0   _printf_x.o
        12          0          0          0          0         72   exit.o
         8          0          0          0          0         68   ferror.o
         6          0          0          0          0        152   heapauxi.o
         0          0          0          0          0          0   indicate_semi.o
         6          0          0          0          0          0   libinit.o
         2          0          0          0          0          0   libinit2.o
         2          0          0          0          0          0   libshutdown.o
         2          0          0          0          0          0   libshutdown2.o
         8          4          0          0         96         68   libspace.o
        24          4          0          0          0         84   noretval__2printf.o
         8          4          0          0          0         68   rt_fp_status_addr_intlibspace.o
        68          0          0          0          0         68   rt_memclr.o
        78          0          0          0          0         80   rt_memclr_w.o
         0          0          0          0          0          0   rtentry.o
        12          0          0          0          0          0   rtentry2.o
         6          0          0          0          0          0   rtentry4.o
         2          0          0          0          0          0   rtexit.o
        10          0          0          0          0          0   rtexit2.o
        12          4          0          0          0         68   sys_exit.o
        74          0          0          0          0         80   sys_stackheap_outer.o
         2          0          0          0          0         68   use_no_semi.o
        14          0          0          0          0         76   fpinit.o

    ----------------------------------------------------------------------
      1330         38         42          0        100       1716   Library Totals
        10          0          2          0          4          0   (incl. Padding)

    ----------------------------------------------------------------------

      Code (inc. data)   RO Data    RW Data    ZI Data      Debug   Library Name

      1306         38         40          0         96       1640   c_w.l
        14          0          0          0          0         76   fz_ws.l

    ----------------------------------------------------------------------
      1330         38         42          0        100       1716   Library Totals

    ----------------------------------------------------------------------

==============================================================================


      Code (inc. data)   RO Data    RW Data    ZI Data      Debug   

      6854        326        266        336       2512      66917   Grand Totals
      6854        326        266        136       2512      66917   ELF Image Totals (compressed)
      6854        326        266        136          0          0   ROM Totals

==============================================================================

    Total RO  Size (Code + RO Data)                 7120 (   6.95kB)
    Total RW  Size (RW Data + ZI Data)              2848 (   2.78kB)
    Total ROM Size (Code + RO Data + RW Data)       7256 (   7.09kB)

==============================================================================

